../Core/Src/main.c:96:6:USART2_IRQHandler	8	static
../Core/Src/main.c:100:6:HAL_TIM_PeriodElapsedCallback	16	static
../Core/Src/main.c:129:5:main	8	static
../Core/Src/main.c:226:6:SystemClock_Config	88	static
../Core/Src/main.c:268:13:MX_I2C1_Init	8	static
../Core/Src/main.c:302:13:MX_TIM2_Init	64	static
../Core/Src/main.c:361:13:MX_TIM3_Init	32	static
../Core/Src/main.c:406:13:MX_USART2_UART_Init	8	static
../Core/Src/main.c:439:13:MX_GPIO_Init	40	static
../Core/Src/main.c:470:6:Error_Handler	4	static,ignoring_inline_asm
