../Core/Src/main.c:60:6:uart2_printf	144	static
../Core/Src/main.c:105:13:BNO055_TestOnce	32	static
../Core/Src/main.c:120:13:BMP280_TestOnce	40	static
../Core/Src/main.c:182:13:flight_init	48	static
../Core/Src/main.c:198:14:simulate_altitude_profile	4	static
../Core/Src/main.c:251:5:main	72	static
../Core/Src/main.c:315:6:SystemClock_Config	88	static
../Core/Src/main.c:354:13:MX_I2C1_Init	8	static
../Core/Src/main.c:378:13:MX_USART2_UART_Init	8	static
../Core/Src/main.c:399:13:MX_GPIO_Init	40	static
../Core/Src/main.c:420:6:Error_Handler	8	static,ignoring_inline_asm
